// Jest Snapshot v1, https://goo.gl/fbAQLP

exports[`renders a spinner when details not present 1`] = `
<div
  style={
    Object {
      "display": "flex",
      "height": "100vh",
      "justifyContent": "center",
      "minHeight": "100vh",
    }
  }
>
  <svg
    fill="currentcolor"
    height={64}
    style={
      Object {
        "display": "inline-flex",
        "margin": 0,
      }
    }
    viewBox="0 0 32 32"
    width={64}
  >
    <path
      d="M14 0 H18 V8 H14z"
      opacity={0.1}
      transform="rotate(0 16 16)"
    >
      <animate
        attributeName="opacity"
        begin="0ms"
        dur="1000ms"
        from={1}
        repeatCount="indefinite"
        to={0.1}
      />
    </path>
    <path
      d="M14 0 H18 V8 H14z"
      opacity={0.1}
      transform="rotate(45 16 16)"
    >
      <animate
        attributeName="opacity"
        begin="125ms"
        dur="1000ms"
        from={1}
        repeatCount="indefinite"
        to={0.1}
      />
    </path>
    <path
      d="M14 0 H18 V8 H14z"
      opacity={0.1}
      transform="rotate(90 16 16)"
    >
      <animate
        attributeName="opacity"
        begin="250ms"
        dur="1000ms"
        from={1}
        repeatCount="indefinite"
        to={0.1}
      />
    </path>
    <path
      d="M14 0 H18 V8 H14z"
      opacity={0.1}
      transform="rotate(135 16 16)"
    >
      <animate
        attributeName="opacity"
        begin="375ms"
        dur="1000ms"
        from={1}
        repeatCount="indefinite"
        to={0.1}
      />
    </path>
    <path
      d="M14 0 H18 V8 H14z"
      opacity={0.1}
      transform="rotate(180 16 16)"
    >
      <animate
        attributeName="opacity"
        begin="500ms"
        dur="1000ms"
        from={1}
        repeatCount="indefinite"
        to={0.1}
      />
    </path>
    <path
      d="M14 0 H18 V8 H14z"
      opacity={0.1}
      transform="rotate(225 16 16)"
    >
      <animate
        attributeName="opacity"
        begin="625ms"
        dur="1000ms"
        from={1}
        repeatCount="indefinite"
        to={0.1}
      />
    </path>
    <path
      d="M14 0 H18 V8 H14z"
      opacity={0.1}
      transform="rotate(270 16 16)"
    >
      <animate
        attributeName="opacity"
        begin="750ms"
        dur="1000ms"
        from={1}
        repeatCount="indefinite"
        to={0.1}
      />
    </path>
    <path
      d="M14 0 H18 V8 H14z"
      opacity={0.1}
      transform="rotate(315 16 16)"
    >
      <animate
        attributeName="opacity"
        begin="875ms"
        dur="1000ms"
        from={1}
        repeatCount="indefinite"
        to={0.1}
      />
    </path>
  </svg>
</div>
`;

exports[`renders details when present 1`] = `
<div>
  <header
    style={
      Object {
        "background": "linear-gradient(to right, #000040, #3b00ff)",
        "color": "white",
        "display": "flex",
        "justifyContent": "space-between",
        "padding": "10px",
      }
    }
  >
    <div
      style={
        Object {
          "lineHeight": 1,
        }
      }
    >
      <h1
        style={
          Object {
            "fontSize": 24,
          }
        }
      >
        Open Movie Database Browser
      </h1>
      <br />
      <h1
        style={
          Object {
            "marginBottom": "5pt",
            "marginTop": 0,
          }
        }
      >
        The Battle of Algiers
      </h1>
    </div>
    <button
      className="btn btn-link"
      onClick={[Function]}
      style={
        Object {
          "color": "white",
          "fontSize": 20,
          "margin": 20,
        }
      }
      type="button"
    >
      âœ•
    </button>
  </header>
  <div
    style={
      Object {
        "marginLeft": 20,
      }
    }
  >
    <img
      alt="poster"
      src="https://images-na.ssl-images-amazon.com/images/M/MV5BYzliNzI5NzgtNDZmNy00NGU4LTg2OTQtMDEzZTRiNDU3ZTI1XkEyXkFqcGdeQXVyMDUyOTUyNQ@@._V1_SX300.jpg"
      style={
        Object {
          "marginTop": 10,
        }
      }
    />
    <ul
      style={
        Object {
          "fontSize": "14pt",
          "marginTop": 20,
        }
      }
    >
      <li>
        Year
        : 
        1966
      </li>
      <li>
        Director
        : 
        Gillo Pontecorvo
      </li>
      <li>
        Writer
        : 
        Franco Solinas, Franco Solinas (story), Gillo Pontecorvo (story)
      </li>
      <li>
        Cast
        : 
        Jean Martin, Yacef Saadi, Brahim Hadjadj, Tommaso Neri
      </li>
      <li>
        Language
        : 
        French, Arabic, English
      </li>
      <li>
        Awards
        : 
        Nominated for 3 Oscars. Another 9 wins & 5 nominations.
      </li>
      <li>
        Length
        : 
        121 min
      </li>
      <li>
        IMDB Rating
        : 
        8.1
      </li>
      <li>
        BoxOffice
        : 
        $55,908
      </li>
      <li>
        Official Website
        : 
      </li>
      <li>
        <a
          href="https://www.imdb.com/title/tt0058946"
        >
          IMDB page
        </a>
      </li>
    </ul>
    <button
      className="btn btn-link"
      onClick={[Function]}
      style={
        Object {
          "marginBottom": 20,
        }
      }
      type="button"
    >
      Top
    </button>
  </div>
</div>
`;
