// Jest Snapshot v1, https://goo.gl/fbAQLP

exports[`renders 1`] = `
<div>
  <header
    style={
      Object {
        "background": "linear-gradient(to right, #000040, #3b00ff)",
        "color": "white",
        "display": "flex",
        "justifyContent": "space-between",
        "padding": "10px",
      }
    }
  >
    <div
      style={
        Object {
          "lineHeight": 1,
        }
      }
    >
      <h1
        style={
          Object {
            "fontSize": 24,
          }
        }
      >
        Open Movie Database Browser
      </h1>
      <br />
      <h1
        style={
          Object {
            "marginBottom": "5pt",
            "marginTop": 0,
          }
        }
      >
        The Hobbit: The Battle of the Five Armies
      </h1>
    </div>
    <button
      className="btn btn-link"
      onClick={[Function]}
      style={
        Object {
          "color": "white",
          "fontSize": 20,
          "margin": 20,
        }
      }
      type="button"
    >
      ✕
    </button>
  </header>
  <div
    style={
      Object {
        "marginLeft": 20,
      }
    }
  >
    <img
      alt="poster"
      src="https://images-na.ssl-images-amazon.com/images/M/MV5BODAzMDgxMDc1MF5BMl5BanBnXkFtZTgwMTI0OTAzMjE@._V1_SX300.jpg"
      style={
        Object {
          "marginTop": 10,
        }
      }
    />
    <ul
      style={
        Object {
          "fontSize": "14pt",
          "marginTop": 20,
        }
      }
    >
      <li>
        2014
      </li>
      <li>
        Directed by
      </li>
      <li>
        Written by
      </li>
      <li>
        Cast:
      </li>
      <li>
        Language:
      </li>
      <li>
        Run Time:
      </li>
      <li>
        IMDB Rating:
        /10
      </li>
      <li>
        Box Office:
      </li>
      <li>
        <a
          href="https://www.imdb.com/title/tt2310332"
        >
          IMDB page
        </a>
      </li>
    </ul>
    <button
      className="btn btn-link"
      onClick={[Function]}
      style={
        Object {
          "marginBottom": 20,
        }
      }
      type="button"
    >
      Top
    </button>
  </div>
</div>
`;

exports[`renders a spinner if isFetching 1`] = `
<div>
  <header
    style={
      Object {
        "background": "linear-gradient(to right, #000040, #3b00ff)",
        "color": "white",
        "display": "flex",
        "justifyContent": "space-between",
        "padding": "10px",
      }
    }
  >
    <div
      style={
        Object {
          "lineHeight": 1,
        }
      }
    >
      <h1
        style={
          Object {
            "fontSize": 24,
          }
        }
      >
        Open Movie Database Browser
      </h1>
      <br />
      <h1
        style={
          Object {
            "marginBottom": "5pt",
            "marginTop": 0,
          }
        }
      >
        The Hobbit: The Battle of the Five Armies
      </h1>
    </div>
    <button
      className="btn btn-link"
      onClick={[Function]}
      style={
        Object {
          "color": "white",
          "fontSize": 20,
          "margin": 20,
        }
      }
      type="button"
    >
      ✕
    </button>
  </header>
  <div
    style={
      Object {
        "marginLeft": 20,
      }
    }
  >
    <img
      alt="poster"
      src="https://images-na.ssl-images-amazon.com/images/M/MV5BODAzMDgxMDc1MF5BMl5BanBnXkFtZTgwMTI0OTAzMjE@._V1_SX300.jpg"
      style={
        Object {
          "marginTop": 10,
        }
      }
    />
    <ul
      style={
        Object {
          "fontSize": "14pt",
          "marginTop": 20,
        }
      }
    >
      <li>
        2014
      </li>
      <li>
        Directed by
      </li>
      <li>
        Written by
      </li>
      <li>
        Cast:
      </li>
      <li>
        Language:
      </li>
      <li>
        Run Time:
      </li>
      <li>
        IMDB Rating:
        /10
      </li>
      <li>
        Box Office:
      </li>
      <li>
        <a
          href="https://www.imdb.com/title/tt2310332"
        >
          IMDB page
        </a>
      </li>
    </ul>
    <button
      className="btn btn-link"
      onClick={[Function]}
      style={
        Object {
          "marginBottom": 20,
        }
      }
      type="button"
    >
      Top
    </button>
  </div>
</div>
`;
