// Jest Snapshot v1, https://goo.gl/fbAQLP

exports[`OmdbMain matches snapshot 1`] = `
<div
  style={
    Object {
      "outline": "none",
    }
  }
>
  <header
    style={
      Object {
        "background": "linear-gradient(to right, #000040, #3b00ff)",
        "color": "white",
        "padding": "10px",
      }
    }
  >
    <div
      style={
        Object {
          "display": "flex",
          "justifyContent": "space-between",
        }
      }
    >
      <h1>
        <img
          height={20}
          src="movie-icon.svg"
          style={
            Object {
              "margin": 12,
            }
          }
        />
         
        Open Movie Database Browser
      </h1>
      <a
        href="/about"
        onClick={[Function]}
        style={
          Object {
            "color": "white",
          }
        }
      >
        About
      </a>
    </div>
  </header>
  <header
    style={
      Object {
        "background": "linear-gradient(to right, #000040, #3b00ff)",
        "color": "white",
        "display": "flex",
        "justifyContent": "space-between",
        "padding": "10px",
      }
    }
  >
    <h1
      style={
        Object {
          "fontSize": 28,
        }
      }
    >
      About Open Movie Database Browser
    </h1>
    <button
      className="btn btn-link"
      onClick={[Function]}
      style={
        Object {
          "color": "white",
          "fontSize": 20,
        }
      }
      title="Close"
      type="button"
    >
      âœ•
    </button>
  </header>
  <div
    style={
      Object {
        "marginLeft": 20,
      }
    }
  >
    <div>
      <h2>
        Written By
      </h2>
      <p>
        Lawrence Siden
      </p>
      <p>
        <a
          href="http://westsideconsultingllc.com"
        >
          Westside Consulting LLC
        </a>
      </p>
      <p>
        <a
          href="mailto:westsideconsultingllc@gmail.com"
        >
          westsideconsultingllc@gmail.com
        </a>
      </p>
      <h2>
        Credits
      </h2>
      <p>
        <a
          href="https://www.omdbapi.com/"
        >
          Open Movie Database API
        </a>
      </p>
      <h2>
        Source Code
      </h2>
      <p>
        <a
          href="https://github.com/lsiden/omdb-film-browser-web"
        >
          https://github.com/lsiden/omdb-film-browser-web
        </a>
      </p>
    </div>
  </div>
</div>
`;
