// Jest Snapshot v1, https://goo.gl/fbAQLP

exports[`click invokes onClick() 1`] = `
<button
  className="btn btn-link"
  onClick={[MockFunction]}
>
  Press Me
</button>
`;
