// Jest Snapshot v1, https://goo.gl/fbAQLP

exports[`click on close invokes onClick() 1`] = `
<a
  href="/"
  onClick={[Function]}
>
  <button
    className="btn btn-link"
    style={
      Object {
        "fontSize": 20,
        "margin": 20,
      }
    }
    title="Close"
  >
    âœ•
  </button>
</a>
`;
