// Jest Snapshot v1, https://goo.gl/fbAQLP

exports[`CloseButton 1`] = `
<button
  className="btn btn-link"
  onClick={[Function]}
  style={
    Object {
      "fontSize": 20,
      "margin": 20,
    }
  }
  type="button"
>
  âœ•
</button>
`;
