// Jest Snapshot v1, https://goo.gl/fbAQLP

exports[`FilmList component matches snapshot 1`] = `ShallowWrapper {}`;
