// Jest Snapshot v1, https://goo.gl/fbAQLP

exports[`CancelIcon matches snapshot 1`] = `ShallowWrapper {}`;

exports[`SearchIcon matches snapshot 1`] = `ShallowWrapper {}`;
