// Jest Snapshot v1, https://goo.gl/fbAQLP

exports[`MoreButton matches snapshot 1`] = `
<button
  className="btn btn-link"
  onClick={[MockFunction]}
  style={
    Object {
      "color": "darkgrey",
      "fontSize": 20,
      "marginBottom": 20,
    }
  }
  type="button"
>
  More
</button>
`;
