// Jest Snapshot v1, https://goo.gl/fbAQLP

exports[`ScrollToTopButton matches snapshot 1`] = `[Function]`;
